// Jest Snapshot v1, https://goo.gl/fbAQLP

exports[`CheckItem snapshots should render component 1`] = `
<table class="table-check-item">
  <tr class="row-height">
    <td class="type-col">
      <div class="icon"><svg version="1.1" width="12" height="12" viewBox="0 0 16 16" class="octicon octicon-chevron-right" aria-hidden="true">
          <path fill-rule="evenodd" d="M6.22 3.22a.75.75 0 011.06 0l4.25 4.25a.75.75 0 010 1.06l-4.25 4.25a.75.75 0 01-1.06-1.06L9.94 8 6.22 4.28a.75.75 0 010-1.06z"></path>
        </svg></div> <span class="type">API</span>
    </td>
    <td>Check 0</td>
    <td class="data-col align-center">50%</td>
    <td class="data-col align-center">501ms</td>
    <td class="data-col align-center">950ms</td>
    <td class="data-col align-center">989ms</td>
  </tr>
  <!---->
</table>
`;
