// Jest Snapshot v1, https://goo.gl/fbAQLP

exports[`CheckItem snapshots should render component 1`] = `
<table class="table-check-item">
  <tr class="row-height">
    <td class="type-col">
      <div class="icon"><svg version="1.1" width="12" height="12" viewBox="0 0 16 16" class="octicon octicon-chevron-right" aria-hidden="true">
          <path fill-rule="evenodd" d="M6.22 3.22a.75.75 0 011.06 0l4.25 4.25a.75.75 0 010 1.06l-4.25 4.25a.75.75 0 01-1.06-1.06L9.94 8 6.22 4.28a.75.75 0 010-1.06z"></path>
        </svg></div> <span class="type">API</span>
    </td>
    <td>Check 0</td>
    <td class="data-col align-center">50%</td>
    <td class="data-col align-center">501ms</td>
    <td class="data-col align-center">950ms</td>
    <td class="data-col align-center">989ms</td>
  </tr>
  <tr style="display: none;">
    <td colspan="6">
      <div class="chart-container" data-highcharts-chart="0" style="overflow: hidden;">
        <div id="highcharts-rfts38s-0" style="position: relative; overflow: hidden; width: 600px; height: 400px; text-align: left; line-height: normal; z-index: 0; user-select: none; outline: none;" dir="ltr" class="highcharts-container "><svg version="1.1" class="highcharts-root" style="font-family:&quot;Lucida Grande&quot;, &quot;Lucida Sans Unicode&quot;, Arial, Helvetica, sans-serif;font-size:12px;" xmlns="http://www.w3.org/2000/svg" width="600" height="400" viewBox="0 0 600 400">
            <desc>Created with Highcharts 9.1.2</desc>
            <defs>
              <clipPath id="highcharts-rfts38s-1-">
                <rect x="0" y="0" width="580" height="375" fill="none"></rect>
              </clipPath>
            </defs>
            <rect fill="#ffffff" class="highcharts-background" x="0" y="0" width="600" height="400" rx="0" ry="0"></rect>
            <rect fill="none" class="highcharts-plot-background" x="10" y="10" width="580" height="375"></rect>
            <rect fill="none" class="highcharts-plot-border" data-z-index="1" x="10" y="10" width="580" height="375"></rect>
            <g class="highcharts-series-group" data-z-index="3"></g><text x="10" class="highcharts-title" data-z-index="4" style="color:#333333;font-size:18px;fill:#333333;" y="24"></text><text x="10" class="highcharts-subtitle" data-z-index="4" style="color:#666666;fill:#666666;" y="10"></text><text x="10" text-anchor="start" class="highcharts-caption" data-z-index="4" style="color:#666666;fill:#666666;" y="397"></text>
            <g class="highcharts-legend highcharts-no-tooltip" data-z-index="7">
              <rect fill="none" class="highcharts-legend-box" rx="0" ry="0" x="0" y="0" width="8" height="8" visibility="hidden"></rect>
              <g data-z-index="1">
                <g></g>
              </g>
            </g><text x="590" class="highcharts-credits" text-anchor="end" data-z-index="8" style="cursor:pointer;color:#999999;font-size:9px;fill:#999999;" y="395">Highcharts.com</text>
          </svg></div>
      </div>
    </td>
  </tr>
</table>
`;
